error[E0539]: malformed `inline` attribute input
  --> $DIR/E0535.rs:1:1
   |
LL | #[inline(unknown)]
   | ^^^^^^^^^^^^^^^^^^
   |
note: valid arguments are `always` or `never`
  --> $DIR/E0535.rs:1:10
   |
LL | #[inline(unknown)]
   |          ^^^^^^^
help: the following are possible correct uses
   |
LL - #[inline(unknown)]
LL + #[inline(always|never)]
   |
LL - #[inline(unknown)]
LL + #[inline]
   |

error: aborting due to 1 previous error

For more information about this error, try `rustc --explain E0539`.
